// Jest Snapshot v1, https://goo.gl/fbAQLP

exports[`DataPuddleCrmStackSnapshotTest 1`] = `
Object {
  "Outputs": Object {
    "DataPuddleCrmEndpointDataPuddleCrnApiEndpointB7ACEBD7": Object {
      "Value": Object {
        "Fn::Join": Array [
          "",
          Array [
            "https://",
            Object {
              "Ref": "DataPuddleCrmEndpointDataPuddleCrnApi76B998D5",
            },
            ".execute-api.",
            Object {
              "Ref": "AWS::Region",
            },
            ".",
            Object {
              "Ref": "AWS::URLSuffix",
            },
            "/",
            Object {
              "Ref": "DataPuddleCrmEndpointDataPuddleCrnApiDeploymentStagedevD6925393",
            },
            "/",
          ],
        ],
      },
    },
    "DataPuddleCrmEndpointUrlC9830EC4": Object {
      "Value": Object {
        "Fn::Join": Array [
          "",
          Array [
            "https://",
            Object {
              "Ref": "DataPuddleCrmEndpointDataPuddleCrnApi76B998D5",
            },
            ".execute-api.",
            Object {
              "Ref": "AWS::Region",
            },
            ".",
            Object {
              "Ref": "AWS::URLSuffix",
            },
            "/",
            Object {
              "Ref": "DataPuddleCrmEndpointDataPuddleCrnApiDeploymentStagedevD6925393",
            },
            "/",
          ],
        ],
      },
    },
  },
  "Parameters": Object {
    "BootstrapVersion": Object {
      "Default": "/cdk-bootstrap/hnb659fds/version",
      "Description": "Version of the CDK Bootstrap resources in this environment, automatically retrieved from SSM Parameter Store. [cdk:skip]",
      "Type": "AWS::SSM::Parameter::Value<String>",
    },
  },
  "Resources": Object {
    "CustomS3AutoDeleteObjectsCustomResourceProviderHandler9D90184F": Object {
      "DependsOn": Array [
        "CustomS3AutoDeleteObjectsCustomResourceProviderRole3B1BD092",
      ],
      "Properties": Object {
        "Code": Object {
          "S3Bucket": Object {
            "Fn::Sub": "cdk-hnb659fds-assets-\${AWS::AccountId}-\${AWS::Region}",
          },
          "S3Key": "40aa87cdf43c4095cec18bc443965f22ab2f8c1ace47e482a0ba4e35d83b0cc9.zip",
        },
        "Description": Object {
          "Fn::Join": Array [
            "",
            Array [
              "Lambda function for auto-deleting objects in ",
              Object {
                "Ref": "DataBucketE3889A50",
              },
              " S3 bucket.",
            ],
          ],
        },
        "Handler": "__entrypoint__.handler",
        "MemorySize": 128,
        "Role": Object {
          "Fn::GetAtt": Array [
            "CustomS3AutoDeleteObjectsCustomResourceProviderRole3B1BD092",
            "Arn",
          ],
        },
        "Runtime": "nodejs14.x",
        "Timeout": 900,
      },
      "Type": "AWS::Lambda::Function",
    },
    "CustomS3AutoDeleteObjectsCustomResourceProviderRole3B1BD092": Object {
      "Properties": Object {
        "AssumeRolePolicyDocument": Object {
          "Statement": Array [
            Object {
              "Action": "sts:AssumeRole",
              "Effect": "Allow",
              "Principal": Object {
                "Service": "lambda.amazonaws.com",
              },
            },
          ],
          "Version": "2012-10-17",
        },
        "ManagedPolicyArns": Array [
          Object {
            "Fn::Sub": "arn:\${AWS::Partition}:iam::aws:policy/service-role/AWSLambdaBasicExecutionRole",
          },
        ],
      },
      "Type": "AWS::IAM::Role",
    },
    "DataBucketAutoDeleteObjectsCustomResource9FB51BF3": Object {
      "DeletionPolicy": "Delete",
      "DependsOn": Array [
        "DataBucketPolicy3231C704",
      ],
      "Properties": Object {
        "BucketName": Object {
          "Ref": "DataBucketE3889A50",
        },
        "ServiceToken": Object {
          "Fn::GetAtt": Array [
            "CustomS3AutoDeleteObjectsCustomResourceProviderHandler9D90184F",
            "Arn",
          ],
        },
      },
      "Type": "Custom::S3AutoDeleteObjects",
      "UpdateReplacePolicy": "Delete",
    },
    "DataBucketE3889A50": Object {
      "DeletionPolicy": "Delete",
      "Properties": Object {
        "BucketEncryption": Object {
          "ServerSideEncryptionConfiguration": Array [
            Object {
              "ServerSideEncryptionByDefault": Object {
                "SSEAlgorithm": "aws:kms",
              },
            },
          ],
        },
        "BucketName": "endpoint-data-export",
        "PublicAccessBlockConfiguration": Object {
          "BlockPublicAcls": true,
          "BlockPublicPolicy": true,
          "IgnorePublicAcls": true,
          "RestrictPublicBuckets": true,
        },
        "Tags": Array [
          Object {
            "Key": "aws-cdk:auto-delete-objects",
            "Value": "true",
          },
        ],
      },
      "Type": "AWS::S3::Bucket",
      "UpdateReplacePolicy": "Delete",
    },
    "DataBucketPolicy3231C704": Object {
      "Properties": Object {
        "Bucket": Object {
          "Ref": "DataBucketE3889A50",
        },
        "PolicyDocument": Object {
          "Statement": Array [
            Object {
              "Action": Array [
                "s3:GetBucket*",
                "s3:List*",
                "s3:DeleteObject*",
              ],
              "Effect": "Allow",
              "Principal": Object {
                "AWS": Object {
                  "Fn::GetAtt": Array [
                    "CustomS3AutoDeleteObjectsCustomResourceProviderRole3B1BD092",
                    "Arn",
                  ],
                },
              },
              "Resource": Array [
                Object {
                  "Fn::GetAtt": Array [
                    "DataBucketE3889A50",
                    "Arn",
                  ],
                },
                Object {
                  "Fn::Join": Array [
                    "",
                    Array [
                      Object {
                        "Fn::GetAtt": Array [
                          "DataBucketE3889A50",
                          "Arn",
                        ],
                      },
                      "/*",
                    ],
                  ],
                },
              ],
            },
          ],
          "Version": "2012-10-17",
        },
      },
      "Type": "AWS::S3::BucketPolicy",
    },
    "DataPuddleCrmEndpointAccessLog087C5F31": Object {
      "DeletionPolicy": "Delete",
      "Properties": Object {
        "RetentionInDays": 90,
      },
      "Type": "AWS::Logs::LogGroup",
      "UpdateReplacePolicy": "Delete",
    },
    "DataPuddleCrmEndpointCreateAgreementFunc42B9DF73": Object {
      "DependsOn": Array [
        "DataPuddleCrmEndpointCreateAgreementFuncServiceRoleDefaultPolicy32A4EF20",
        "DataPuddleCrmEndpointCreateAgreementFuncServiceRole497CB27F",
      ],
      "Properties": Object {
        "Architectures": Array [
          "arm64",
        ],
        "Code": Object {
          "S3Bucket": Object {
            "Fn::Sub": "cdk-hnb659fds-assets-\${AWS::AccountId}-\${AWS::Region}",
          },
          "S3Key": "5e2b72b3c3d0b76301956a640f5af20a2204273e08a4998164644931e670b622.zip",
        },
        "Environment": Object {
          "Variables": Object {
            "DATA_BUCKET_NAME": Object {
              "Ref": "DataBucketE3889A50",
            },
          },
        },
        "FunctionName": "data-puddle-crm-create-agreement",
        "Handler": "bootstrap",
        "MemorySize": 1024,
        "Role": Object {
          "Fn::GetAtt": Array [
            "DataPuddleCrmEndpointCreateAgreementFuncServiceRole497CB27F",
            "Arn",
          ],
        },
        "Runtime": "provided.al2",
      },
      "Type": "AWS::Lambda::Function",
    },
    "DataPuddleCrmEndpointCreateAgreementFuncLogRetentionEB678AF4": Object {
      "Properties": Object {
        "LogGroupName": Object {
          "Fn::Join": Array [
            "",
            Array [
              "/aws/lambda/",
              Object {
                "Ref": "DataPuddleCrmEndpointCreateAgreementFunc42B9DF73",
              },
            ],
          ],
        },
        "RetentionInDays": 90,
        "ServiceToken": Object {
          "Fn::GetAtt": Array [
            "LogRetentionaae0aa3c5b4d4f87b02d85b201efdd8aFD4BFC8A",
            "Arn",
          ],
        },
      },
      "Type": "Custom::LogRetention",
    },
    "DataPuddleCrmEndpointCreateAgreementFuncServiceRole497CB27F": Object {
      "Properties": Object {
        "AssumeRolePolicyDocument": Object {
          "Statement": Array [
            Object {
              "Action": "sts:AssumeRole",
              "Effect": "Allow",
              "Principal": Object {
                "Service": "lambda.amazonaws.com",
              },
            },
          ],
          "Version": "2012-10-17",
        },
        "ManagedPolicyArns": Array [
          Object {
            "Fn::Join": Array [
              "",
              Array [
                "arn:",
                Object {
                  "Ref": "AWS::Partition",
                },
                ":iam::aws:policy/service-role/AWSLambdaBasicExecutionRole",
              ],
            ],
          },
        ],
      },
      "Type": "AWS::IAM::Role",
    },
    "DataPuddleCrmEndpointCreateAgreementFuncServiceRoleDefaultPolicy32A4EF20": Object {
      "Properties": Object {
        "PolicyDocument": Object {
          "Statement": Array [
            Object {
              "Action": Array [
                "s3:DeleteObject*",
                "s3:PutObject",
                "s3:PutObjectLegalHold",
                "s3:PutObjectRetention",
                "s3:PutObjectTagging",
                "s3:PutObjectVersionTagging",
                "s3:Abort*",
              ],
              "Effect": "Allow",
              "Resource": Array [
                Object {
                  "Fn::GetAtt": Array [
                    "DataBucketE3889A50",
                    "Arn",
                  ],
                },
                Object {
                  "Fn::Join": Array [
                    "",
                    Array [
                      Object {
                        "Fn::GetAtt": Array [
                          "DataBucketE3889A50",
                          "Arn",
                        ],
                      },
                      "/*",
                    ],
                  ],
                },
              ],
            },
          ],
          "Version": "2012-10-17",
        },
        "PolicyName": "DataPuddleCrmEndpointCreateAgreementFuncServiceRoleDefaultPolicy32A4EF20",
        "Roles": Array [
          Object {
            "Ref": "DataPuddleCrmEndpointCreateAgreementFuncServiceRole497CB27F",
          },
        ],
      },
      "Type": "AWS::IAM::Policy",
    },
    "DataPuddleCrmEndpointDataPuddleCrnApi76B998D5": Object {
      "Properties": Object {
        "EndpointConfiguration": Object {
          "Types": Array [
            "REGIONAL",
          ],
        },
        "Name": "DataPuddleCrnApi",
      },
      "Type": "AWS::ApiGateway::RestApi",
    },
    "DataPuddleCrmEndpointDataPuddleCrnApiAccountC3EFA270": Object {
      "DeletionPolicy": "Retain",
      "DependsOn": Array [
        "DataPuddleCrmEndpointDataPuddleCrnApi76B998D5",
      ],
      "Properties": Object {
        "CloudWatchRoleArn": Object {
          "Fn::GetAtt": Array [
            "DataPuddleCrmEndpointDataPuddleCrnApiCloudWatchRole6AAAEADE",
            "Arn",
          ],
        },
      },
      "Type": "AWS::ApiGateway::Account",
      "UpdateReplacePolicy": "Retain",
    },
    "DataPuddleCrmEndpointDataPuddleCrnApiApiMetrics4xAlarm6F25283F": Object {
      "Properties": Object {
        "AlarmActions": Array [
          Object {
            "Ref": "TechnicalNotification33611BF6",
          },
        ],
        "AlarmName": "DataPuddleCrmApiMetrics4xAlarm",
        "ComparisonOperator": "GreaterThanOrEqualToThreshold",
        "Dimensions": Array [
          Object {
            "Name": "ApiName",
            "Value": "DataPuddleCrnApi",
          },
        ],
        "EvaluationPeriods": 1,
        "MetricName": "4XXError",
        "Namespace": "AWS/ApiGateway",
        "Period": 300,
        "Statistic": "Sum",
        "Threshold": 3,
      },
      "Type": "AWS::CloudWatch::Alarm",
    },
    "DataPuddleCrmEndpointDataPuddleCrnApiApiMetrics5xAlarm0CF3CB7D": Object {
      "Properties": Object {
        "AlarmActions": Array [
          Object {
            "Ref": "TechnicalNotification33611BF6",
          },
        ],
        "AlarmName": "DataPuddleCrmApiMetrics5xAlarm",
        "ComparisonOperator": "GreaterThanOrEqualToThreshold",
        "Dimensions": Array [
          Object {
            "Name": "ApiName",
            "Value": "DataPuddleCrnApi",
          },
        ],
        "EvaluationPeriods": 2,
        "MetricName": "5XXError",
        "Namespace": "AWS/ApiGateway",
        "Period": 60,
        "Statistic": "Sum",
        "Threshold": 1,
      },
      "Type": "AWS::CloudWatch::Alarm",
    },
    "DataPuddleCrmEndpointDataPuddleCrnApiCloudWatchRole6AAAEADE": Object {
      "DeletionPolicy": "Retain",
      "Properties": Object {
        "AssumeRolePolicyDocument": Object {
          "Statement": Array [
            Object {
              "Action": "sts:AssumeRole",
              "Effect": "Allow",
              "Principal": Object {
                "Service": "apigateway.amazonaws.com",
              },
            },
          ],
          "Version": "2012-10-17",
        },
        "ManagedPolicyArns": Array [
          Object {
            "Fn::Join": Array [
              "",
              Array [
                "arn:",
                Object {
                  "Ref": "AWS::Partition",
                },
                ":iam::aws:policy/service-role/AmazonAPIGatewayPushToCloudWatchLogs",
              ],
            ],
          },
        ],
      },
      "Type": "AWS::IAM::Role",
      "UpdateReplacePolicy": "Retain",
    },
    "DataPuddleCrmEndpointDataPuddleCrnApiDataPuddleCrmApiKey0FF8254D": Object {
      "Properties": Object {
        "Enabled": true,
      },
      "Type": "AWS::ApiGateway::ApiKey",
    },
    "DataPuddleCrmEndpointDataPuddleCrnApiDataPuddleCrmUsagePlanE70D9329": Object {
      "Properties": Object {
        "ApiStages": Array [
          Object {
            "ApiId": Object {
              "Ref": "DataPuddleCrmEndpointDataPuddleCrnApi76B998D5",
            },
            "Stage": Object {
              "Ref": "DataPuddleCrmEndpointDataPuddleCrnApiDeploymentStagedevD6925393",
            },
            "Throttle": Object {},
          },
        ],
        "Throttle": Object {
          "BurstLimit": 5,
          "RateLimit": 10,
        },
      },
      "Type": "AWS::ApiGateway::UsagePlan",
    },
    "DataPuddleCrmEndpointDataPuddleCrnApiDataPuddleCrmUsagePlanUsagePlanKeyResourceTestDataPuddleCrmStackDataPuddleCrmEndpointDataPuddleCrnApiDataPuddleCrmApiKey359CBC9044A0C9B3": Object {
      "Properties": Object {
        "KeyId": Object {
          "Ref": "DataPuddleCrmEndpointDataPuddleCrnApiDataPuddleCrmApiKey0FF8254D",
        },
        "KeyType": "API_KEY",
        "UsagePlanId": Object {
          "Ref": "DataPuddleCrmEndpointDataPuddleCrnApiDataPuddleCrmUsagePlanE70D9329",
        },
      },
      "Type": "AWS::ApiGateway::UsagePlanKey",
    },
    "DataPuddleCrmEndpointDataPuddleCrnApiDeploymentBF3E504Df97b838f3d03edf211bebec5ed250982": Object {
      "DependsOn": Array [
        "DataPuddleCrmEndpointDataPuddleCrnApiagreementPOST5FD88FA7",
        "DataPuddleCrmEndpointDataPuddleCrnApiagreement9E0E3BD5",
      ],
      "Properties": Object {
        "Description": "Automatically created by the RestApi construct",
        "RestApiId": Object {
          "Ref": "DataPuddleCrmEndpointDataPuddleCrnApi76B998D5",
        },
      },
      "Type": "AWS::ApiGateway::Deployment",
    },
    "DataPuddleCrmEndpointDataPuddleCrnApiDeploymentStagedevD6925393": Object {
      "DependsOn": Array [
        "DataPuddleCrmEndpointDataPuddleCrnApiAccountC3EFA270",
      ],
      "Properties": Object {
        "AccessLogSetting": Object {
          "DestinationArn": Object {
            "Fn::GetAtt": Array [
              "DataPuddleCrmEndpointAccessLog087C5F31",
              "Arn",
            ],
          },
          "Format": "{\\"requestId\\":\\"$context.requestId\\",\\"ip\\":\\"$context.identity.sourceIp\\",\\"user\\":\\"$context.identity.user\\",\\"caller\\":\\"$context.identity.caller\\",\\"requestTime\\":\\"$context.requestTime\\",\\"httpMethod\\":\\"$context.httpMethod\\",\\"resourcePath\\":\\"$context.resourcePath\\",\\"status\\":\\"$context.status\\",\\"protocol\\":\\"$context.protocol\\",\\"responseLength\\":\\"$context.responseLength\\"}",
        },
        "DeploymentId": Object {
          "Ref": "DataPuddleCrmEndpointDataPuddleCrnApiDeploymentBF3E504Df97b838f3d03edf211bebec5ed250982",
        },
        "MethodSettings": Array [
          Object {
            "DataTraceEnabled": false,
            "HttpMethod": "*",
            "ResourcePath": "/*",
            "ThrottlingBurstLimit": 5,
            "ThrottlingRateLimit": 10,
          },
        ],
        "RestApiId": Object {
          "Ref": "DataPuddleCrmEndpointDataPuddleCrnApi76B998D5",
        },
        "StageName": "dev",
      },
      "Type": "AWS::ApiGateway::Stage",
    },
    "DataPuddleCrmEndpointDataPuddleCrnApiagreement9E0E3BD5": Object {
      "Properties": Object {
        "ParentId": Object {
          "Fn::GetAtt": Array [
            "DataPuddleCrmEndpointDataPuddleCrnApi76B998D5",
            "RootResourceId",
          ],
        },
        "PathPart": "agreement",
        "RestApiId": Object {
          "Ref": "DataPuddleCrmEndpointDataPuddleCrnApi76B998D5",
        },
      },
      "Type": "AWS::ApiGateway::Resource",
    },
    "DataPuddleCrmEndpointDataPuddleCrnApiagreementPOST5FD88FA7": Object {
      "Properties": Object {
        "ApiKeyRequired": true,
        "AuthorizationType": "NONE",
        "HttpMethod": "POST",
        "Integration": Object {
          "IntegrationHttpMethod": "POST",
          "Type": "AWS_PROXY",
          "Uri": Object {
            "Fn::Join": Array [
              "",
              Array [
                "arn:",
                Object {
                  "Ref": "AWS::Partition",
                },
                ":apigateway:",
                Object {
                  "Ref": "AWS::Region",
                },
                ":lambda:path/2015-03-31/functions/",
                Object {
                  "Fn::GetAtt": Array [
                    "DataPuddleCrmEndpointCreateAgreementFunc42B9DF73",
                    "Arn",
                  ],
                },
                "/invocations",
              ],
            ],
          },
        },
        "ResourceId": Object {
          "Ref": "DataPuddleCrmEndpointDataPuddleCrnApiagreement9E0E3BD5",
        },
        "RestApiId": Object {
          "Ref": "DataPuddleCrmEndpointDataPuddleCrnApi76B998D5",
        },
      },
      "Type": "AWS::ApiGateway::Method",
    },
    "DataPuddleCrmEndpointDataPuddleCrnApiagreementPOSTApiPermissionTestDataPuddleCrmStackDataPuddleCrmEndpointDataPuddleCrnApi4933B53FPOSTagreement152C2851": Object {
      "Properties": Object {
        "Action": "lambda:InvokeFunction",
        "FunctionName": Object {
          "Fn::GetAtt": Array [
            "DataPuddleCrmEndpointCreateAgreementFunc42B9DF73",
            "Arn",
          ],
        },
        "Principal": "apigateway.amazonaws.com",
        "SourceArn": Object {
          "Fn::Join": Array [
            "",
            Array [
              "arn:",
              Object {
                "Ref": "AWS::Partition",
              },
              ":execute-api:",
              Object {
                "Ref": "AWS::Region",
              },
              ":",
              Object {
                "Ref": "AWS::AccountId",
              },
              ":",
              Object {
                "Ref": "DataPuddleCrmEndpointDataPuddleCrnApi76B998D5",
              },
              "/",
              Object {
                "Ref": "DataPuddleCrmEndpointDataPuddleCrnApiDeploymentStagedevD6925393",
              },
              "/POST/agreement",
            ],
          ],
        },
      },
      "Type": "AWS::Lambda::Permission",
    },
    "DataPuddleCrmEndpointDataPuddleCrnApiagreementPOSTApiPermissionTestTestDataPuddleCrmStackDataPuddleCrmEndpointDataPuddleCrnApi4933B53FPOSTagreement54D5D467": Object {
      "Properties": Object {
        "Action": "lambda:InvokeFunction",
        "FunctionName": Object {
          "Fn::GetAtt": Array [
            "DataPuddleCrmEndpointCreateAgreementFunc42B9DF73",
            "Arn",
          ],
        },
        "Principal": "apigateway.amazonaws.com",
        "SourceArn": Object {
          "Fn::Join": Array [
            "",
            Array [
              "arn:",
              Object {
                "Ref": "AWS::Partition",
              },
              ":execute-api:",
              Object {
                "Ref": "AWS::Region",
              },
              ":",
              Object {
                "Ref": "AWS::AccountId",
              },
              ":",
              Object {
                "Ref": "DataPuddleCrmEndpointDataPuddleCrnApi76B998D5",
              },
              "/test-invoke-stage/POST/agreement",
            ],
          ],
        },
      },
      "Type": "AWS::Lambda::Permission",
    },
    "LogRetentionaae0aa3c5b4d4f87b02d85b201efdd8aFD4BFC8A": Object {
      "DependsOn": Array [
        "LogRetentionaae0aa3c5b4d4f87b02d85b201efdd8aServiceRoleDefaultPolicyADDA7DEB",
        "LogRetentionaae0aa3c5b4d4f87b02d85b201efdd8aServiceRole9741ECFB",
      ],
      "Properties": Object {
        "Code": Object {
          "S3Bucket": Object {
            "Fn::Sub": "cdk-hnb659fds-assets-\${AWS::AccountId}-\${AWS::Region}",
          },
          "S3Key": "f5b6a6d08a8206e67d0b54e2a29abd7e0472d835abc71037de3a93545b5edacc.zip",
        },
        "Handler": "index.handler",
        "Role": Object {
          "Fn::GetAtt": Array [
            "LogRetentionaae0aa3c5b4d4f87b02d85b201efdd8aServiceRole9741ECFB",
            "Arn",
          ],
        },
        "Runtime": "nodejs14.x",
      },
      "Type": "AWS::Lambda::Function",
    },
    "LogRetentionaae0aa3c5b4d4f87b02d85b201efdd8aServiceRole9741ECFB": Object {
      "Properties": Object {
        "AssumeRolePolicyDocument": Object {
          "Statement": Array [
            Object {
              "Action": "sts:AssumeRole",
              "Effect": "Allow",
              "Principal": Object {
                "Service": "lambda.amazonaws.com",
              },
            },
          ],
          "Version": "2012-10-17",
        },
        "ManagedPolicyArns": Array [
          Object {
            "Fn::Join": Array [
              "",
              Array [
                "arn:",
                Object {
                  "Ref": "AWS::Partition",
                },
                ":iam::aws:policy/service-role/AWSLambdaBasicExecutionRole",
              ],
            ],
          },
        ],
      },
      "Type": "AWS::IAM::Role",
    },
    "LogRetentionaae0aa3c5b4d4f87b02d85b201efdd8aServiceRoleDefaultPolicyADDA7DEB": Object {
      "Properties": Object {
        "PolicyDocument": Object {
          "Statement": Array [
            Object {
              "Action": Array [
                "logs:PutRetentionPolicy",
                "logs:DeleteRetentionPolicy",
              ],
              "Effect": "Allow",
              "Resource": "*",
            },
          ],
          "Version": "2012-10-17",
        },
        "PolicyName": "LogRetentionaae0aa3c5b4d4f87b02d85b201efdd8aServiceRoleDefaultPolicyADDA7DEB",
        "Roles": Array [
          Object {
            "Ref": "LogRetentionaae0aa3c5b4d4f87b02d85b201efdd8aServiceRole9741ECFB",
          },
        ],
      },
      "Type": "AWS::IAM::Policy",
    },
    "TechnicalNotification33611BF6": Object {
      "Type": "AWS::SNS::Topic",
    },
    "TechnicalNotificationtestexamplecom77EDB6E1": Object {
      "Properties": Object {
        "Endpoint": "test@example.com",
        "Protocol": "email",
        "TopicArn": Object {
          "Ref": "TechnicalNotification33611BF6",
        },
      },
      "Type": "AWS::SNS::Subscription",
    },
  },
  "Rules": Object {
    "CheckBootstrapVersion": Object {
      "Assertions": Array [
        Object {
          "Assert": Object {
            "Fn::Not": Array [
              Object {
                "Fn::Contains": Array [
                  Array [
                    "1",
                    "2",
                    "3",
                    "4",
                    "5",
                  ],
                  Object {
                    "Ref": "BootstrapVersion",
                  },
                ],
              },
            ],
          },
          "AssertDescription": "CDK bootstrap stack version 6 required. Please run 'cdk bootstrap' with a recent version of the CDK CLI.",
        },
      ],
    },
  },
}
`;
